../Middlewares/Third_Party/FreeModbus/modbus/rtu/mbrtu.c:83:1:eMBRTUInit	24	static
../Middlewares/Third_Party/FreeModbus/modbus/rtu/mbrtu.c:128:1:eMBRTUStart	8	static
../Middlewares/Third_Party/FreeModbus/modbus/rtu/mbrtu.c:144:1:eMBRTUStop	8	static
../Middlewares/Third_Party/FreeModbus/modbus/rtu/mbrtu.c:153:1:eMBRTUReceive	32	static
../Middlewares/Third_Party/FreeModbus/modbus/rtu/mbrtu.c:187:1:eMBRTUSend	24	static
../Middlewares/Third_Party/FreeModbus/modbus/rtu/mbrtu.c:226:1:xMBRTUReceiveFSM	16	static
../Middlewares/Third_Party/FreeModbus/modbus/rtu/mbrtu.c:286:1:xMBRTUTransmitFSM	16	static
../Middlewares/Third_Party/FreeModbus/modbus/rtu/mbrtu.c:329:1:xMBRTUTimerT35Expired	16	static
