../LWIP/Target/ethernetif.c:91:6:HAL_ETH_MspInit	64	static
../LWIP/Target/ethernetif.c:153:6:HAL_ETH_MspDeInit	16	static
../LWIP/Target/ethernetif.c:196:6:HAL_ETH_RxCpltCallback	16	static
../LWIP/Target/ethernetif.c:215:13:low_level_init	72	static
../LWIP/Target/ethernetif.c:345:14:low_level_output	48	static
../LWIP/Target/ethernetif.c:429:22:low_level_input	56	static
../LWIP/Target/ethernetif.c:518:6:ethernetif_input	24	static
../LWIP/Target/ethernetif.c:577:7:ethernetif_init	16	static
../LWIP/Target/ethernetif.c:624:7:sys_jiffies	8	static
../LWIP/Target/ethernetif.c:635:7:sys_now	8	static
../LWIP/Target/ethernetif.c:647:6:ethernetif_set_link	24	static
../LWIP/Target/ethernetif.c:688:6:ethernetif_update_config	24	static
../LWIP/Target/ethernetif.c:776:13:ethernetif_notify_conn_changed	16	static
